circle check: r^2 = 1714 after t=1000, curvature law predicts 1600 (+7.1%)
wall check D_h=4, D_z=1: flattening rate 0.00967; D_h*k^2 = 0.00964, D_z*k^2 = 0.00241
wall check D_h=1, D_z=4: flattening rate 0.00239; D_h*k^2 = 0.00241, D_z*k^2 = 0.00964
wall check D_h=1, D_z=1: flattening rate 0.00187; D_h*k^2 = 0.00241, D_z*k^2 = 0.00241
slab   H'=  8 start 0.50: favoured at t=1000 1.00 0.53 0.50 1.00 | one hand 2/4, stacked layers 0/4 (frozen t=500->1000: 0/4), favoured on top 3/4
        seed 0: t=50:0.79 side=528 up=0  t=200:1.00 side=0 up=0 L  t=500:1.00 side=0 up=0 L  t=1000:1.00 side=0 up=0 L
        seed 1: t=50:0.53 side=576 up=0  t=200:0.53 side=512 up=0  t=500:0.53 side=512 up=0  t=1000:0.53 side=512 up=0
        seed 2: t=50:0.50 side=560 up=0  t=200:0.50 side=512 up=0  t=500:0.50 side=512 up=0  t=1000:0.50 side=512 up=0
        seed 3: t=50:0.79 side=528 up=0  t=200:1.00 side=0 up=0 L  t=500:1.00 side=0 up=0 L  t=1000:1.00 side=0 up=0 L
slab   H'=  8 start 0.55: favoured at t=1000 1.00 0.59 0.56 1.00 | one hand 2/4, stacked layers 0/4 (frozen t=500->1000: 0/4), favoured on top 4/4
        seed 0: t=50:0.84 side=464 up=0  t=200:1.00 side=0 up=0 L  t=500:1.00 side=0 up=0 L  t=1000:1.00 side=0 up=0 L
        seed 1: t=50:0.61 side=592 up=1  t=200:0.59 side=512 up=0  t=500:0.59 side=512 up=0  t=1000:0.59 side=512 up=0
        seed 2: t=50:0.55 side=528 up=0  t=200:0.56 side=512 up=0  t=500:0.56 side=512 up=0  t=1000:0.56 side=512 up=0
        seed 3: t=50:0.85 side=464 up=0  t=200:1.00 side=0 up=0 L  t=500:1.00 side=0 up=0 L  t=1000:1.00 side=0 up=0 L
cube   H'= 32 start 0.50: favoured at t=1000 0.69 1.00 0.00 1.00 | one hand 3/4, stacked layers 1/4 (frozen t=500->1000: 1/4), favoured on top 3/4
        seed 0: t=50:0.63 side=1518 up=1223  t=200:0.69 side=0 up=1024 L  t=500:0.69 side=0 up=1024 L  t=1000:0.69 side=0 up=1024 L
        seed 1: t=50:0.70 side=1370 up=805  t=200:1.00 side=0 up=0 L  t=500:1.00 side=0 up=0 L  t=1000:1.00 side=0 up=0 L
        seed 2: t=50:0.37 side=2352 up=725  t=200:0.00 side=0 up=0 L  t=500:0.00 side=0 up=0 L  t=1000:0.00 side=0 up=0 L
        seed 3: t=50:0.65 side=2652 up=864  t=200:1.00 side=0 up=0 L  t=500:1.00 side=0 up=0 L  t=1000:1.00 side=0 up=0 L
cube   H'= 32 start 0.55: favoured at t=1000 1.00 1.00 1.00 1.00 | one hand 4/4, stacked layers 0/4 (frozen t=500->1000: 0/4), favoured on top 4/4
        seed 0: t=50:0.84 side=746 up=861  t=200:1.00 side=0 up=0 L  t=500:1.00 side=0 up=0 L  t=1000:1.00 side=0 up=0 L
        seed 1: t=50:0.82 side=1040 up=543  t=200:1.00 side=0 up=0 L  t=500:1.00 side=0 up=0 L  t=1000:1.00 side=0 up=0 L
        seed 2: t=50:0.77 side=2170 up=416  t=200:1.00 side=0 up=0 L  t=500:1.00 side=0 up=0 L  t=1000:1.00 side=0 up=0 L
        seed 3: t=50:0.95 side=854 up=247  t=200:1.00 side=0 up=0 L  t=500:1.00 side=0 up=0 L  t=1000:1.00 side=0 up=0 L
column H'=128 start 0.50: favoured at t=1000 0.56 0.49 0.62 0.33 | one hand 0/4, stacked layers 4/4 (frozen t=500->1000: 4/4), favoured on top 2/4
        seed 0: t=50:0.45 side=4838 up=3801  t=200:0.56 side=0 up=2048 L  t=500:0.56 side=0 up=2048 L  t=1000:0.56 side=0 up=2048 L
        seed 1: t=50:0.49 side=5574 up=4378  t=200:0.49 side=0 up=4096 L  t=500:0.49 side=0 up=4096 L  t=1000:0.49 side=0 up=4096 L
        seed 2: t=50:0.53 side=5356 up=3782  t=200:0.62 side=0 up=3072 L  t=500:0.62 side=0 up=3072 L  t=1000:0.62 side=0 up=3072 L
        seed 3: t=50:0.45 side=6224 up=4456  t=200:0.32 side=242 up=3072  t=500:0.33 side=0 up=3072 L  t=1000:0.33 side=0 up=3072 L
column H'=128 start 0.55: favoured at t=1000 1.00 0.66 0.70 0.77 | one hand 1/4, stacked layers 3/4 (frozen t=500->1000: 3/4), favoured on top 3/4
        seed 0: t=50:0.75 side=7078 up=4200  t=200:1.00 side=0 up=0 L  t=500:1.00 side=0 up=0 L  t=1000:1.00 side=0 up=0 L
        seed 1: t=50:0.67 side=4428 up=4009  t=200:0.66 side=0 up=4096 L  t=500:0.66 side=0 up=4096 L  t=1000:0.66 side=0 up=4096 L
        seed 2: t=50:0.66 side=4722 up=3713  t=200:0.70 side=0 up=3072 L  t=500:0.70 side=0 up=3072 L  t=1000:0.70 side=0 up=3072 L
        seed 3: t=50:0.65 side=6850 up=3391  t=200:0.77 side=628 up=2048  t=500:0.77 side=0 up=2048 L  t=1000:0.77 side=0 up=2048 L
exit 0
--- 2026-09-26: first full run with wall_check included (wave c); 3D numbers identical to the 2026-09-25 run.
