# run: nice -n 15 /opt/anaconda3/bin/python -u sphere_layers.py 1 2   (Sat Sep 26 23:05:20 PDT 2026, 1-min load 5.56)
(1) layer wall on a sphere: sink speed vs 2*D_z/r (my prediction) and 2*D_h/r (README Part 3b)
  D_h=1 D_z=0.0016 (D_z/D_h=1.6e-03) R=16 N=3217 nz=24 dz=0.02 dt=0.031: wall radius 15.7440 -> 15.6793; sink speed 2.019e-04; 2D_z/r=2.037e-04 (ratio 0.991); README 2D_h/r=1.273e-01 (ratio 0.0016)
  D_h=4 D_z=0.0016 (D_z/D_h=4.0e-04) R=16 N=3217 nz=24 dz=0.02 dt=0.015: wall radius 15.7440 -> 15.6793; sink speed 2.019e-04; 2D_z/r=2.037e-04 (ratio 0.991); README 2D_h/r=5.092e-01 (ratio 0.0004)
  D_h=1 D_z=0.0064 (D_z/D_h=6.4e-03) R=16 N=3217 nz=24 dz=0.04 dt=0.030: wall radius 15.4957 -> 15.3978; sink speed 8.156e-04; 2D_z/r=8.286e-04 (ratio 0.984); README 2D_h/r=1.295e-01 (ratio 0.0063)
  asserts ok: speed tracks D_z (ratios [np.float64(0.991), np.float64(0.991), np.float64(0.984)]), not D_h. [69s]

(2) patchwork start, R=10 (circumference 63), nz=80 -> stretched depth H' = 40 (NOT deeper than wide), dz=0.02, D_z=0.0016
  start 0.50 seed 0: t=100:fav=0.450 walls=1 top=- topshare=0.74  t=500:fav=0.000 LAYERED walls=0 top=- topshare=1.00  t=1000:fav=0.000 LAYERED walls=0 top=- topshare=1.00
  start 0.50 seed 1: t=100:fav=0.465 walls=1 top=+ topshare=0.49  t=500:fav=0.000 LAYERED walls=0 top=- topshare=1.00  t=1000:fav=0.000 LAYERED walls=0 top=- topshare=1.00
  start 0.50 seed 2: t=100:fav=0.942 walls=0 top=+ topshare=1.00  t=500:fav=1.000 LAYERED walls=0 top=+ topshare=1.00  t=1000:fav=1.000 LAYERED walls=0 top=+ topshare=1.00
  start 0.52 seed 0: t=100:fav=0.720 walls=0 top=+ topshare=1.00  t=500:fav=1.000 LAYERED walls=0 top=+ topshare=1.00  t=1000:fav=1.000 LAYERED walls=0 top=+ topshare=1.00
  start 0.52 seed 1: t=100:fav=0.604 walls=1 top=+ topshare=0.68  t=500:fav=1.000 LAYERED walls=0 top=+ topshare=1.00  t=1000:fav=1.000 LAYERED walls=0 top=+ topshare=1.00
  start 0.52 seed 2: t=100:fav=0.990 walls=0 top=+ topshare=1.00  t=500:fav=1.000 LAYERED walls=0 top=+ topshare=1.00  t=1000:fav=1.000 LAYERED walls=0 top=+ topshare=1.00
  start 0.55 seed 0: t=100:fav=0.958 walls=0 top=+ topshare=1.00  t=500:fav=1.000 LAYERED walls=0 top=+ topshare=1.00  t=1000:fav=1.000 LAYERED walls=0 top=+ topshare=1.00
  start 0.55 seed 1: t=100:fav=0.850 walls=0 top=+ topshare=1.00  t=500:fav=1.000 LAYERED walls=0 top=+ topshare=1.00  t=1000:fav=1.000 LAYERED walls=0 top=+ topshare=1.00
  start 0.55 seed 2: t=100:fav=1.000 LAYERED walls=0 top=+ topshare=1.00  t=500:fav=1.000 LAYERED walls=0 top=+ topshare=1.00  t=1000:fav=1.000 LAYERED walls=0 top=+ topshare=1.00
  predicted layer-wall creep 2D_z/r = 3.48e-04 per time = 21.7% of the depth per 1000; README 2D_h/r would sweep the whole depth in t = 7.4
  start 0.50: final fav 0.000 0.000 1.000; one hand 3/3; stacked mixed layers 0/3; favoured on top 1/3; top-layer share 1.00 1.00 1.00 (README L/H' = 1.00); fav change t=500->1000 +0.000 +0.000 +0.000
  start 0.52: final fav 1.000 1.000 1.000; one hand 3/3; stacked mixed layers 0/3; favoured on top 3/3; top-layer share 1.00 1.00 1.00 (README L/H' = 1.00); fav change t=500->1000 +0.000 +0.000 +0.000
  start 0.55: final fav 1.000 1.000 1.000; one hand 3/3; stacked mixed layers 0/3; favoured on top 3/3; top-layer share 1.00 1.00 1.00 (README L/H' = 1.00); fav change t=500->1000 +0.000 +0.000 +0.000
  (post-hoc) layer creep predicts a share change of about +-0.109 per 500 time units, toward the top layer's hand
  [837s]
real 839.02
user 718.14
sys 63.39
# exit 0

# run: nice -n 15 /opt/anaconda3/bin/python -u sphere_layers.py 2b 3   (Sat Sep 26 23:23:42 PDT 2026, 1-min load 5.65)

(2b) column-like shell: R=6 (circumference 38), nz=300 -> H' = 150 (4x deeper than wide, like aniso3d's column), dz=0.005, D_z=1e-4, H/R=0.25
  start 0.50 seed 0: t=100:fav=0.564 walls=1 top=+ topshare=0.50  t=500:fav=0.574 LAYERED walls=1 top=+ topshare=0.50  t=1000:fav=0.587 LAYERED walls=1 top=+ topshare=0.52
  start 0.50 seed 1: t=100:fav=0.458 walls=3 top=- topshare=0.05  t=500:fav=0.448 LAYERED walls=3 top=- topshare=0.06  t=1000:fav=0.435 LAYERED walls=3 top=- topshare=0.07
  start 0.55 seed 0: t=100:fav=1.000 LAYERED walls=0 top=+ topshare=1.00  t=500:fav=1.000 LAYERED walls=0 top=+ topshare=1.00  t=1000:fav=1.000 LAYERED walls=0 top=+ topshare=1.00
  start 0.55 seed 1: t=100:fav=1.000 LAYERED walls=0 top=+ topshare=1.00  t=500:fav=1.000 LAYERED walls=0 top=+ topshare=1.00  t=1000:fav=1.000 LAYERED walls=0 top=+ topshare=1.00
  predicted layer-wall creep 2D_z/r = 3.81e-05 per time = 2.5% of the depth per 1000; README 2D_h/r would sweep the whole depth in t = 3.9
  start 0.50: final fav 0.587 0.435; one hand 0/2; stacked mixed layers 2/2; favoured on top 1/2; top-layer share 0.52 0.07 (README L/H' = 0.25); fav change t=500->1000 +0.013 -0.013
  start 0.55: final fav 1.000 1.000; one hand 2/2; stacked mixed layers 0/2; favoured on top 2/2; top-layer share 1.00 1.00 (README L/H' = 0.25); fav change t=500->1000 +0.000 +0.000
  (post-hoc) layer creep predicts a share change of about +-0.013 per 500 time units, toward the top layer's hand
  [460s]

(3) bands on the sphere: R=16, nz=2 (depth irrelevant), D_h=1
  hemisphere split shifted 0.094 rad: offset t=80:0.129 t=160:0.177 t=240:0.242 t=320:0.334 t=400:0.465 t=480:0.658 t=560:0.957 t=640:1.571
  growth rate 0.00397 (fit on 4 points) vs D_h/R^2 = 0.00391 (ratio 1.017); final + share 0.000
  band 10-50N: + share t=200:0.310 t=400:0.095 t=800:0.000
  centred split 0-90N: + share t=200:0.500 t=400:0.499 t=800:0.496
  asserts ok. total 483s
real 483.16
user 412.73
sys 65.73
# exit 0
