
Enceladus: physics wins in 22% of plausible input space
  each condition alone: creep in time 33%, finishes 83%, heals across 100%, layers (column) 96%, strong enough 73%, flat-layer bound 3%
  vertical D_z    low half    0%  high half   43%   (effect +43%)
  concentration   low half   11%  high half   32%   (effect +21%)
  time            low half   14%  high half   29%   (effect +15%)
  bias g          low half   18%  high half   26%   (effect +8%)
  rate k2         low half   19%  high half   24%   (effect +5%)
  horizontal D_h  low half   23%  high half   21%   (effect -3%)
  volume          low half   22%  high half   21%   (effect -1%)
  chem. factor F  low half   21%  high half   22%   (effect +1%)

Europa: physics wins in 29% of plausible input space
  each condition alone: creep in time 34%, finishes 92%, heals across 100%, layers (column) 92%, strong enough 91%, flat-layer bound 7%
  vertical D_z    low half    0%  high half   57%   (effect +57%)
  time            low half   23%  high half   34%   (effect +11%)
  concentration   low half   23%  high half   34%   (effect +10%)
  rate k2         low half   26%  high half   31%   (effect +5%)
  bias g          low half   26%  high half   31%   (effect +4%)
  horizontal D_h  low half   30%  high half   28%   (effect -2%)
  volume          low half   29%  high half   28%   (effect -2%)
  chem. factor F  low half   28%  high half   29%   (effect +0%)

Early Earth ocean: physics wins in 75% of plausible input space
  each condition alone: creep in time 70%, finishes 100%, heals across 100%, layers (column) 60%, strong enough 100%, flat-layer bound 40%
  vertical D_z    low half   52%  high half   97%   (effect +45%)
  time            low half   59%  high half   91%   (effect +32%)
  horizontal D_h  low half   79%  high half   70%   (effect -9%)
  volume          low half   78%  high half   71%   (effect -7%)
  chem. factor F  low half   75%  high half   75%   (effect +0%)
  bias g          low half   75%  high half   75%   (effect +0%)
  concentration   low half   75%  high half   75%   (effect -0%)
  rate k2         low half   75%  high half   75%   (effect +0%)
Enceladus: layers form if D_z < D_h/333; they merge within 1.5e+12 yr at D_z = 1e-10
Europa: layers form if D_z < D_h/1386; they merge within 2.8e+13 yr at D_z = 1e-10
